[33m???[39m Building...
[32m???[39m Building...
[1mInitial chunk files[22m  [2m | [22m[1mNames[22m                          [2m | [22m [1mRaw size[22m[2m | [22m[1mEstimated transfer size[22m
[32mchunk-FAGW55S2.js[39m    [2m | [22m[2m-[22m                              [2m | [22m[36m207.63 kB[39m[2m | [22m               [36m59.02 kB[39m
[32mstyles-EFBE4XUQ.css[39m  [2m | [22m[2mstyles[22m                         [2m | [22m[36m127.08 kB[39m[2m | [22m               [36m13.57 kB[39m
[32mmain-TXJD43C2.js[39m     [2m | [22m[2mmain[22m                           [2m | [22m[36m121.18 kB[39m[2m | [22m               [36m28.87 kB[39m
[32mchunk-77CFR76R.js[39m    [2m | [22m[2m-[22m                              [2m | [22m [36m77.44 kB[39m[2m | [22m               [36m18.94 kB[39m
[32mchunk-2WFD246I.js[39m    [2m | [22m[2m-[22m                              [2m | [22m [36m66.91 kB[39m[2m | [22m               [36m16.33 kB[39m
[32mchunk-JFIKUPHZ.js[39m    [2m | [22m[2m-[22m                              [2m | [22m [36m44.91 kB[39m[2m | [22m                [36m8.94 kB[39m
[32mpolyfills-FFHMD2TL.js[39m[2m | [22m[2mpolyfills[22m                      [2m | [22m [36m34.52 kB[39m[2m | [22m               [36m11.28 kB[39m
[32mchunk-5M7ENGHZ.js[39m    [2m | [22m[2m-[22m                              [2m | [22m [36m12.58 kB[39m[2m | [22m                [36m3.92 kB[39m
[32mchunk-ZHPTYXST.js[39m    [2m | [22m[2m-[22m                              [2m | [22m [36m12.52 kB[39m[2m | [22m                [36m3.82 kB[39m
[32mchunk-EJJBCPAK.js[39m    [2m | [22m[2m-[22m                              [2m | [22m  [36m4.25 kB[39m[2m | [22m                [36m1.06 kB[39m
[32mchunk-SCQZAND2.js[39m    [2m | [22m[2m-[22m                              [2m | [22m  [36m1.32 kB[39m[2m | [22m              [36m536 bytes[39m
[32mchunk-KLVRBTNZ.js[39m    [2m | [22m[2m-[22m                              [2m | [22m[36m191 bytes[39m[2m | [22m              [36m191 bytes[39m

[1m [22m                    [2m | [22m[1mInitial total[22m                  [2m | [22m[1m[93m710.52 kB[39m[22m[2m | [22m              [1m166.49 kB[22m

[1mLazy chunk files[22m     [2m | [22m[1mNames[22m                          [2m | [22m [1mRaw size[22m[2m | [22m[1mEstimated transfer size[22m
[32mchunk-3DKQVPXZ.js[39m    [2m | [22m[2m-[22m                              [2m | [22m [36m86.20 kB[39m[2m | [22m               [36m15.71 kB[39m
[32mchunk-FSQKDY6B.js[39m    [2m | [22m[2m-[22m                              [2m | [22m [36m57.41 kB[39m[2m | [22m                [36m7.41 kB[39m
[32mchunk-CTDSGEFV.js[39m    [2m | [22m[2m-[22m                              [2m | [22m [36m52.89 kB[39m[2m | [22m                [36m8.66 kB[39m
[32mchunk-SITFSSCG.js[39m    [2m | [22m[2mmember-dashboard-component[22m     [2m | [22m [36m48.73 kB[39m[2m | [22m                [36m8.45 kB[39m
[32mchunk-MJAOCC7J.js[39m    [2m | [22m[2m-[22m                              [2m | [22m [36m44.46 kB[39m[2m | [22m                [36m9.81 kB[39m
[32mchunk-2DBGVBAQ.js[39m    [2m | [22m[2m-[22m                              [2m | [22m [36m38.15 kB[39m[2m | [22m                [36m7.87 kB[39m
[32mchunk-VLDYOKLU.js[39m    [2m | [22m[2m-[22m                              [2m | [22m [36m37.87 kB[39m[2m | [22m                [36m4.57 kB[39m
[32mchunk-OKLKDJBD.js[39m    [2m | [22m[2m-[22m                              [2m | [22m [36m27.86 kB[39m[2m | [22m                [36m6.48 kB[39m
[32mchunk-NTWP2FF7.js[39m    [2m | [22m[2m-[22m                              [2m | [22m [36m24.57 kB[39m[2m | [22m                [36m6.62 kB[39m
[32mchunk-22FPN2AI.js[39m    [2m | [22m[2madmin-dashboard-component[22m      [2m | [22m [36m22.57 kB[39m[2m | [22m                [36m4.64 kB[39m
[32mchunk-FKBPJCMJ.js[39m    [2m | [22m[2mpayment-history-component[22m      [2m | [22m [36m19.49 kB[39m[2m | [22m                [36m4.60 kB[39m
[32mchunk-RNTR4ZOG.js[39m    [2m | [22m[2madmin-loan-management-component[22m[2m | [22m [36m18.39 kB[39m[2m | [22m                [36m4.49 kB[39m
[32mchunk-ZBZLHHVL.js[39m    [2m | [22m[2mprofile-component[22m              [2m | [22m [36m18.08 kB[39m[2m | [22m                [36m4.62 kB[39m
[32mchunk-RABWCVGJ.js[39m    [2m | [22m[2m-[22m                              [2m | [22m [36m17.56 kB[39m[2m | [22m                [36m4.75 kB[39m
[32mchunk-HLPU64DS.js[39m    [2m | [22m[2mmeeting-minutes-component[22m      [2m | [22m [36m16.96 kB[39m[2m | [22m                [36m4.26 kB[39m
[2m...and 38 more lazy chunks files. Use "--verbose" to show all the files.[22m

Application bundle generation failed. [6.821 seconds]

node.exe : 
[1m[33m[33m??? [43;33m[
[43;30mWARNING[43;33m][0
m [1mbundle initial 
exceeded maximum budget. 
Budget 512.00 kB was not 
met by 198.52 kB with a 
total of 710.52 kB.[0m
At C:\Users\harip\AppData\R
oaming\npm\ng.ps1:24 char:5
+     & "node$exe"  "$based
ir/node_modules/@angular/cl
i/bin/ng.js" $arg ...
+     ~~~~~~~~~~~~~~~~~~~~~
~~~~~~~~~~~~~~~~~~~~~~~~~~~
~~~~~~~~~~~~~~~~~
    + CategoryInfo         
     : NotSpecified: ([1  
  m[33m[33m?... 710.52   
  kB.[0m:String) [], R    
emoteException
    + FullyQualifiedErrorI 
   d : NativeCommandError
 


[33m??? [43;33m[[43;30mW
ARNING[43;33m][0m [1msrc
/app/pages/waste/features/u
ser/user-dashboard/user-das
hboard.component.css 
exceeded maximum budget. 
Budget 2.05 kB was not met 
by 684 bytes with a total 
of 2.73 kB.[0m


[33m??? [43;33m[[43;30mW
ARNING[43;33m][0m [1msrc
/app/pages/kudumbashree/com
ponents/payment-history/pay
ment-history.component.scss
 exceeded maximum budget. 
Budget 2.05 kB was not met 
by 1.88 kB with a total of 
3.93 kB.[0m


[33m??? [43;33m[[43;30mW
ARNING[43;33m][0m [1msrc
/app/pages/kudumbashree/com
ponents/admin-loan-manageme
nt/admin-loan-management.co
mponent.scss exceeded 
maximum budget. Budget 
2.05 kB was not met by 
1.72 kB with a total of 
3.76 kB.[0m


[33m??? [43;33m[[43;30mW
ARNING[43;33m][0m [1msrc
/app/pages/kudumbashree/com
ponents/meeting-minutes/mee
ting-minutes.component.scss
 exceeded maximum budget. 
Budget 2.05 kB was not met 
by 3.12 kB with a total of 
5.17 kB.[0m


[33m??? [43;33m[[43;30mW
ARNING[43;33m][0m [1msrc
/app/pages/kudumbashree/com
ponents/attendance/attendan
ce.component.scss exceeded 
maximum budget. Budget 
2.05 kB was not met by 
1.30 kB with a total of 
3.35 kB.[0m


[33m??? [43;33m[[43;30mW
ARNING[43;33m][0m [1msrc
/app/pages/kudumbashree/com
ponents/member-profile/memb
er-profile.component.scss 
exceeded maximum budget. 
Budget 2.05 kB was not met 
by 1.13 kB with a total of 
3.17 kB.[0m


[33m??? [43;33m[[43;30mW
ARNING[43;33m][0m [1msrc
/app/pages/kudumbashree/com
ponents/member-management/m
ember-management.component.
scss exceeded maximum 
budget. Budget 2.05 kB was 
not met by 1.19 kB with a 
total of 3.24 kB.[0m


[33m??? [43;33m[[43;30mW
ARNING[43;33m][0m [1msrc
/app/pages/kudumbashree/com
ponents/loan-management/loa
n-management.component.scss
 exceeded maximum budget. 
Budget 2.05 kB was not met 
by 1.57 kB with a total of 
3.62 kB.[0m


[33m??? [43;33m[[43;30mW
ARNING[43;33m][0m [1msrc
/app/pages/kudumbashree/com
ponents/member-dashboard/me
mber-dashboard.component.sc
ss exceeded maximum 
budget. Budget 2.05 kB was 
not met by 7.33 kB with a 
total of 9.38 kB.[0m


[33m??? [43;33m[[43;30mW
ARNING[43;33m][0m [1msrc
/app/pages/kudumbashree/com
ponents/reports-analytics/r
eports-analytics.component.
scss exceeded maximum 
budget. Budget 2.05 kB was 
not met by 5.61 kB with a 
total of 7.66 kB.[0m


[33m??? [43;33m[[43;30mW
ARNING[43;33m][0m [1msrc
/app/pages/kudumbashree/com
ponents/admin-dashboard/adm
in-dashboard.component.scss
 exceeded maximum budget. 
Budget 2.05 kB was not met 
by 7.10 kB with a total of 
9.15 kB.[0m

[39m[22m
[1m[31m[31m??? [41;31m[
[41;97mERROR[41;31m][0m 
[1msrc/app/pages/kudumbash
ree/components/meeting-minu
tes/meeting-minutes.compone
nt.scss exceeded maximum 
budget. Budget 4.10 kB was 
not met by 1.07 kB with a 
total of 5.17 kB.[0m


[31m??? [41;31m[[41;97mE
RROR[41;31m][0m [1msrc/a
pp/pages/kudumbashree/compo
nents/member-dashboard/memb
er-dashboard.component.scss
 exceeded maximum budget. 
Budget 4.10 kB was not met 
by 5.29 kB with a total of 
9.38 kB.[0m


[31m??? [41;31m[[41;97mE
RROR[41;31m][0m [1msrc/a
pp/pages/kudumbashree/compo
nents/reports-analytics/rep
orts-analytics.component.sc
ss exceeded maximum 
budget. Budget 4.10 kB was 
not met by 3.57 kB with a 
total of 7.66 kB.[0m


[31m??? [41;31m[[41;97mE
RROR[41;31m][0m [1msrc/a
pp/pages/kudumbashree/compo
nents/admin-dashboard/admin
-dashboard.component.scss 
exceeded maximum budget. 
Budget 4.10 kB was not met 
by 5.05 kB with a total of 
9.15 kB.[0m

[39m[22m
